Seed set to 1
CONFIG
├── mode
│   └── train                                                                   
├── diffusion
│   └── uniform                                                                 
├── backbone
│   └── dit                                                                     
├── classifier_backbone
│   └── None                                                                    
├── parameterization
│   └── d3pm                                                                    
├── time_conditioning
│   └── True                                                                    
├── subs_masking
│   └── False                                                                   
├── zero_recon_loss
│   └── True                                                                    
├── T
│   └── 0                                                                       
├── is_vision
│   └── False                                                                   
├── seed
│   └── 1                                                                       
├── loader
│   └── global_batch_size: 32                                                   
│       eval_global_batch_size: 32                                              
│       batch_size: 32                                                          
│       eval_batch_size: 32                                                     
│       num_workers: 128                                                        
│       pin_memory: false                                                       
│       persistent_workers: false                                               
│                                                                               
├── sampling
│   └── use_cache: true                                                         
│       steps: 128                                                              
│       batch_size: 32                                                          
│       num_sample_batches: 4                                                   
│       use_float64: false                                                      
│                                                                               
├── training
│   └── ema: 0.9999                                                             
│       antithetic_sampling: true                                               
│       importance_sampling: false                                              
│       sampling_eps: 0.001                                                     
│       change_of_variables: false                                              
│       compute_loss_on_pad_tokens: false                                       
│       use_simple_ce_loss: false                                               
│       guidance: null                                                          
│                                                                               
├── eval
│   └── checkpoint_path: /data/dhruva/discrete-diffusion-guidance/outputs/2025.0
│       disable_ema: false                                                      
│       generate_samples: true                                                  
│       generated_samples_path: /data/dhruva/discrete-diffusion-guidance/samples
│       use_tensorboard: false                                                  
│       max_samples: 50000                                                      
│                                                                               
├── sample
│   └── mode: uncond                                                            
│       uncond:                                                                 
│         seq_length:                                                           
│         - 60                                                                  
│         num_samples: 900                                                      
│         sampling_batch_size: 10                                               
│                                                                               
├── optim
│   └── weight_decay: 0                                                         
│       lr: 0.0003                                                              
│       beta1: 0.9                                                              
│       beta2: 0.999                                                            
│       eps: 1.0e-08                                                            
│                                                                               
├── trainer
│   └── _target_: lightning.Trainer                                             
│       accelerator: cuda                                                       
│       num_nodes: 1                                                            
│       devices: 1                                                              
│       accumulate_grad_batches: 1                                              
│       gradient_clip_val: 1.0                                                  
│       precision: bf16-mixed                                                   
│       num_sanity_val_steps: 2                                                 
│       max_steps: 1000000                                                      
│       log_every_n_steps: 10                                                   
│       limit_train_batches: 1.0                                                
│       limit_val_batches: 1.0                                                  
│       val_check_interval: 450                                                 
│                                                                               
├── wandb
│   └── project: discrete-diffusion-guidance                                    
│       notes: UDLM on 101K train, 25K val sequences                            
│       group: null                                                             
│       job_type: training                                                      
│       name: null                                                              
│       id: None_1                                                              
│       tags:                                                                   
│       - loglinear                                                             
│       - acyp                                                                  
│       - acyp                                                                  
│                                                                               
├── checkpointing
│   └── save_dir: /data/dhruva/discrete-diffusion-guidance/outputs/2025.07.01/23
│       resume_from_ckpt: true                                                  
│       resume_ckpt_path: /data/dhruva/discrete-diffusion-guidance/outputs/2025.
│                                                                               
├── callbacks
│   └── checkpoint_every_n_steps:                                               
│         _target_: lightning.pytorch.callbacks.ModelCheckpoint                 
│         save_top_k: -1                                                        
│         save_last: true                                                       
│         dirpath: /data/dhruva/discrete-diffusion-guidance/outputs/2025.07.01/2
│         verbose: true                                                         
│         auto_insert_metric_name: false                                        
│         every_n_train_steps: 1500                                             
│       checkpoint_monitor:                                                     
│         _target_: lightning.pytorch.callbacks.ModelCheckpoint                 
│         monitor: val/nll                                                      
│         mode: min                                                             
│         save_top_k: 1                                                         
│         save_last: false                                                      
│         dirpath: /data/dhruva/discrete-diffusion-guidance/outputs/2025.07.01/2
│         filename: best                                                        
│         auto_insert_metric_name: false                                        
│         verbose: true                                                         
│       learning_rate_monitor:                                                  
│         _target_: lightning.pytorch.callbacks.LearningRateMonitor             
│         logging_interval: step                                                
│                                                                               
├── data
│   └── train: acyp                                                             
│       valid: acyp                                                             
│       tokenizer_name_or_path: acyp                                            
│       cache_dir: /home/dhruva/discrete-diffusion-guidance/.cache              
│       override_cache: false                                                   
│       add_special_tokens: true                                                
│       wrap: true                                                              
│       streaming: false                                                        
│                                                                               
├── model
│   └── name: small                                                             
│       type: ddit                                                              
│       hidden_size: 768                                                        
│       cond_dim: 128                                                           
│       length: 512                                                             
│       n_blocks: 12                                                            
│       n_heads: 12                                                             
│       scale_by_sigma: true                                                    
│       dropout: 0.15                                                           
│       tie_word_embeddings: false                                              
│                                                                               
├── strategy
│   └── _target_: lightning.pytorch.strategies.DDPStrategy                      
│       find_unused_parameters: false                                           
│                                                                               
├── noise
│   └── type: loglinear                                                         
│       sigma_min: 0.0001                                                       
│       sigma_max: 20                                                           
│                                                                               
└── lr_scheduler
    └── _target_: transformers.get_constant_schedule_with_warmup                
        num_warmup_steps: 2500                                                  
                                                                                
[2025-07-01 23:34:57,664][__main__][INFO] - Running unconditional sampling...
[2025-07-01 23:34:59,485][__main__][INFO] - Total chunks to sample from: 108
Sampling:   0%|          | 0/128 [00:00<?, ?it/s]                                                 tensor([[[ True],
         [False],
         [False],
         ...,
         [False],
         [False],
         [False]],

        [[False],
         [False],
         [False],
         ...,
         [False],
         [False],
         [False]],

        [[False],
         [False],
         [False],
         ...,
         [False],
         [False],
         [False]],

        ...,

        [[False],
         [False],
         [False],
         ...,
         [False],
         [False],
         [False]],

        [[False],
         [False],
         [False],
         ...,
         [False],
         [False],
         [False]],

        [[False],
         [False],
         [False],
         ...,
         [False],
         [False],
         [False]]], device='cuda:0')
Error executing job with overrides: []
Traceback (most recent call last):
  File "/home/dhruva/discrete-diffusion-guidance/sample_sequences_v2.py", line 228, in main
    run_unconditional_sampling(config, logger, tokenizer, tb_logger)
  File "/home/dhruva/discrete-diffusion-guidance/sample_sequences_v2.py", line 132, in run_unconditional_sampling
    samples = model.sample_cond(batch_tensor)
  File "/home/dhruva/discrete-diffusion-guidance/diffusion.py", line 1010, in sample_cond
    samples = self._diffusion_sample_conditionally(
  File "/home/dhruva/miniforge3/envs/mdlm/lib/python3.9/site-packages/torch/utils/_contextlib.py", line 115, in decorate_context
    return func(*args, **kwargs)
  File "/home/dhruva/discrete-diffusion-guidance/diffusion.py", line 1383, in _diffusion_sample_conditionally
    f"BEFORE: move_t:{move_chance_t[eos_flag].sum()} move_s:{move_chance_s[eos_flag].sum()}"
IndexError: The shape of the mask [10, 512, 1] at index 1 does not match the shape of the indexed tensor [10, 1, 1] at index 1

Set the environment variable HYDRA_FULL_ERROR=1 for a complete stack trace.
